[Bootstrap]
SetupTitle=Install
SetupText=Copying Files, please stand by.
CabFile=OBD2Spy.CAB
Spawn=Setup1.exe
Uninstal=st6unst.exe
TmpDir=msftqws.pdw
Cabs=1

[Bootstrap Files]
File1=@MSVCRT40.DLL,$(WinSysPathSysFile),,,6/1/99 12:00:00 AM,326656,4.22.0.0
File2=@VB6STKIT.DLL,$(WinSysPathSysFile),,,7/15/00 12:00:00 AM,101888,6.0.84.50
File3=@COMCAT.DLL,$(WinSysPathSysFile),$(DLLSelfRegister),,6/1/99 12:00:00 AM,22288,4.71.1460.1
File4=@STDOLE2.TLB,$(WinSysPathSysFile),$(TLBRegister),,6/3/99 12:00:00 AM,17920,2.40.4275.1
File5=@ASYCFILT.DLL,$(WinSysPathSysFile),,,3/8/99 12:00:00 AM,147728,2.40.4275.1
File6=@OLEPRO32.DLL,$(WinSysPathSysFile),$(DLLSelfRegister),,3/8/99 12:00:00 AM,164112,5.0.4275.1
File7=@OLEAUT32.DLL,$(WinSysPathSysFile),$(DLLSelfRegister),,4/12/00 12:00:00 AM,598288,2.40.4275.1
File8=@msvbvm60.dll,$(WinSysPathSysFile),$(DLLSelfRegister),,2/23/04 12:00:00 AM,1386496,6.0.97.82

[IconGroups]
Group0=OBD2Spy
PrivateGroup0=0
Parent0=$(Programs)

[OBD2Spy]
Icon1="OBD2Spy.exe"
Title1=OBD2Spy
StartIn1=$(AppPath)

[Setup]
Title=OBD2Spy V2.05
DefaultDir=$(ProgramFiles)\OBD2Spy
AppExe=OBD2Spy.exe
AppToUninstall=OBD2Spy.exe

[Setup1 Files]
File1=@Support.dbf,$(AppPath),,,12/27/05 6:04:54 PM,418,0.0.0.0
File2=@Vehicles.dbf,$(AppPath),,,9/5/05 8:10:08 PM,821210,0.0.0.0
File3=@msxbse35.dll,$(WinSysPathSysFile),$(DLLSelfRegister),,1/6/98 2:37:00 PM,294912,3.51.623.0
File4=@VB5DB.dll,$(WinSysPath),,$(Shared),6/18/98 12:00:00 AM,89360,6.0.81.69
File5=@msrepl35.dll,$(WinSysPathSysFile),,,8/25/99 2:57:26 PM,415504,3.51.3225.0
File6=@msrd2x35.dll,$(WinSysPathSysFile),$(DLLSelfRegister),,1/6/98 2:37:00 PM,262144,3.51.623.0
File7=@expsrv.dll,$(WinSysPathSysFile),,,8/5/05 6:41:00 PM,379152,6.0.0.8540
File8=@vbajet32.dll,$(WinSysPathSysFile),,,8/5/05 6:41:00 PM,30992,6.0.1.8268
File9=@msjint35.dll,$(WinSysPathSysFile),,,10/6/99 9:34:04 AM,123664,3.51.623.0
File10=@msjter35.dll,$(WinSysPathSysFile),,,10/6/99 9:34:04 AM,24848,3.51.623.0
File11=@msjet35.dll,$(WinSysPathSysFile),$(DLLSelfRegister),,9/28/99 9:42:48 PM,1050896,3.51.3328.0
File12=@DAO350.DLL,$(MSDAOPath),$(DLLSelfRegister),$(Shared),4/27/98 12:00:00 AM,570128,3.51.1608.0
File13=@Codes.dbf,$(AppPath),,,6/7/05 11:06:02 AM,273514,0.0.0.0
File14=@dao360.dll,$(WinSysPath),$(DLLSelfRegister),$(Shared),6/25/02 11:37:20 PM,557128,3.60.3714.5
File15=@MSCOMCTL.OCX,$(WinSysPath),$(DLLSelfRegister),$(Shared),9/3/04 12:00:00 AM,1081616,6.1.97.82
File16=@HyperLabel.ocx,$(WinSysPath),$(DLLSelfRegister),$(Shared),11/2/03 12:23:54 AM,131072,1.0.0.8
File17=@MSINET.OCX,$(WinSysPath),$(DLLSelfRegister),$(Shared),3/9/04 12:00:00 AM,132880,6.1.97.82
File18=@sGraph2.ocx,$(WinSysPath),$(DLLSelfRegister),$(Shared),10/13/01 8:00:44 PM,81920,1.0.0.0
File19=@MSFLXGRD.OCX,$(WinSysPath),$(DLLSelfRegister),$(Shared),9/3/04 12:00:00 AM,260880,6.1.97.82
File20=@tabctl32.ocx,$(WinSysPath),$(DLLSelfRegister),$(Shared),6/24/98 12:00:00 AM,209192,6.0.81.69
File21=@MSCOMM32.OCX,$(WinSysPath),$(DLLSelfRegister),$(Shared),8/26/05 9:05:00 PM,162816,6.0.88.77
File22=@comctl32.ocx,$(WinSysPath),$(DLLSelfRegister),$(Shared),8/26/05 9:05:00 PM,609824,6.0.81.5
File23=@MSSTDFMT.DLL,$(WinSysPath),$(DLLSelfRegister),$(Shared),2/23/04 12:00:00 AM,119808,6.1.97.82
File24=@MSBIND.DLL,$(WinSysPath),$(DLLSelfRegister),$(Shared),2/23/04 12:00:00 AM,78848,6.1.97.82
File25=@wbemdisp.tlb,$(WinSysPath),,$(Shared),6/25/02 11:49:40 PM,59904,5.1.2600.0
File26=@MSDBRPTR.DLL,$(WinSysPath),$(DLLSelfRegister),$(Shared),2/23/04 12:00:00 AM,322560,6.1.97.82
File27=@MSRDO20.DLL,$(WinSysPath),$(DLLSelfRegister),$(Shared),3/22/99 3:00:00 AM,393216,6.0.81.69
File28=@MSCDRUN.DLL,$(CommonFiles)\Designer,$(DLLSelfRegister),$(Shared),3/14/00 12:00:00 AM,49152,6.0.88.4
File29=@OBD2Spy.exe,$(AppPath),,,1/4/06 5:39:39 PM,819200,2.0.0.5

; The following lines may be deleted in order to obtain extra 
; space for customizing this file on a full installation diskette.
; 
; XXXXXXXXXXXXXXXXXXXXXXXXXXXXXXXXXXXXXXXXXXXXXXXXXXXXXXXXXXXX
; XXXXXXXXXXXXXXXXXXXXXXXXXXXXXXXXXXXXXXXXXXXXXXXXXXXXXXXXXXXX
; XXXXXXXXXXXXXXXXXXXXXXXXXXXXXXXXXXXXXXXXXXXXXXXXXXXXXXXXXXXX
; XXXXXXXXXXXXXXXXXXXXXXXXXXXXXXXXXXXXXXXXXXXXXXXXXXXXXXXXXXXX
; XXXXXXXXXXXXXXXXXXXXXXXXXXXXXXXXXXXXXXXXXXXXXXXXXXXXXXXXXXXX
; XXXXXXXXXXXXXXXXXXXXXXXXXXXXXXXXXXXXXXXXXXXXXXXXXXXXXXXXXXXX
; XXXXXXXXXXXXXXXXXXXXXXXXXXXXXXXXXXXXXXXXXXXXXXXXXXXXXXXXXXXX
; XXXXXXXXXXXXXXXXXXXXXXXXXXXXXXXXXXXXXXXXXXXXXXXXXXXXXXXXXXXX
; XXXXXXXXXXXXXXXXXXXXXXXXXXXXXXXXXXXXXXXXXXXXXXXXXXXXXXXXXXXX
; XXXXXXXXXXXXXXXXXXXXXXXXXXXXXXXXXXXXXXXXXXXXXXXXXXXXXXXXXXXX
; XXXXXXXXXXXXXXXXXXXXXXXXXXXXXXXXXXXXXXXXXXXXXXXXXXXXXXXXXXXX
; XXXXXXXXXXXXXXXXXXXXXXXXXXXXXXXXXXXXXXXXXXXXXXXXXXXXXXXXXXXX
; XXXXXXXXXXXXXXXXXXXXXXXXXXXXXXXXXXXXXXXXXXXXXXXXXXXXXXXXXXXX
; XXXXXXXXXXXXXXXXXXXXXXXXXXXXXXXXXXXXXXXXXXXXXXXXXXXXXXXXXXXX
; XXXXXXXXXXXXXXXXXXXXXXXXXXXXXXXXXXXXXXXXXXXXXXXXXXXXXXXXXXXX
; XXXXXXXXXXXXXXXXXXXXXXXXXXXXXXXXXXXXXXXXXXXXXXXXXXXXXXXXXXXX
; XXXXXXXXXXXXXXXXXXXXXXXXXXXXXXXXXXXXXXXXXXXXXXXXXXXXXXXXXXXX
; XXXXXXXXXXXXXXXXXXXXXXXXXXXXXXXXXXXXXXXXXXXXXXXXXXXXXXXXXXXX
; XXXXXXXXXXXXXXXXXXXXXXXXXXXXXXXXXXXXXXXXXXXXXXXXXXXXXXXXXXXX
; XXXXXXXXXXXXXXXXXXXXXXXXXXXXXXXXXXXXXXXXXXXXXXXXXXXXXXXXXXXX
; XXXXXXXXXXXXXXXXXXXXXXXXXXXXXXXXXXXXXXXXXXXXXXXXXXXXXXXXXXXX
; XXXXXXXXXXXXXXXXXXXXXXXXXXXXXXXXXXXXXXXXXXXXXXXXXXXXXXXXXXXX
; XXXXXXXXXXXXXXXXXXXXXXXXXXXXXXXXXXXXXXXXXXXXXXXXXXXXXXXXXXXX
; XXXXXXXXXXXXXXXXXXXXXXXXXXXXXXXXXXXXXXXXXXXXXXXXXXXXXXXXXXXX
; XXXXXXXXXXXXXXXXXXXXXXXXXXXXXXXXXXXXXXXXXXXXXXXXXXXXXXXXXXXX
; XXXXXXXXXXXXXXXXXXXXXXXXXXXXXXXXXXXXXXXXXXXXXXXXXXXXXXXXXXXX
; XXXXXXXXXXXXXXXXXXXXXXXXXXXXXXXXXXXXXXXXXXXXXXXXXXXXXXXXXXXX
; XXXXXXXXXXXXXXXXXXXXXXXXXXXXXXXXXXXXXXXXXXXXXXXXXXXXXXXXXXXX
; XXXXXXXXXXXXXXXXXXXXXXXXXXXXXXXXXXXXXXXXXXXXXXXXXXXXXXXXXXXX
; XXXXXXXXXXXXXXXXXXXXXXXXXXXXXXXXXXXXXXXXXXXXXXXXXXXXXXXXXXXX
; XXXXXXXXXXXXXXXXXXXXXXXXXXXXXXXXXXXXXXXXXXXXXXXXXXXXXXXXXXXX
; XXXXXXXXXXXXXXXXXXXXXXXXXXXXXXXXXXXXXXXXXXXXXXXXXXXXXXXXXXXX
; XXXXXXXXXXXXXXXXXXXXXXXXXXXXXXXXXXXXXXXXXXXXXXXXXXXXXXXXXXXX
; XXXXXXXXXXXXXXXXXXXXXXXXXXXXXXXXXXXXXXXXXXXXXXXXXXXXXXXXXXXX
; XXXXXXXXXXXXXXXXXXXXXXXXXXXXXXXXXXXXXXXXXXXXXXXXXXXXXXXXXXXX
